// Jest Snapshot v1, https://goo.gl/fbAQLP

exports[`Calendar component should render and match snapshot 1`] = `
<div>
  <div
    class="MuiPaper-root MuiPaper-elevation MuiPaper-rounded MuiPaper-elevation1 MuiCard-root css-bhp9pd-MuiPaper-root-MuiCard-root"
    style="height: 367px;"
  >
    <div
      class="rbc-calendar"
    >
      <div
        class="rbc-toolbar"
      >
        <span
          class="rbc-btn-group"
        >
          <button
            type="button"
          >
            Today
          </button>
          <button
            type="button"
          >
            Back
          </button>
          <button
            type="button"
          >
            Next
          </button>
        </span>
        <span
          class="rbc-toolbar-label"
        >
          February 2022
        </span>
        <span
          class="rbc-btn-group"
        >
          <button
            class="rbc-active"
            type="button"
          >
            Month
          </button>
          <button
            class=""
            type="button"
          >
            Week
          </button>
          <button
            class=""
            type="button"
          >
            Day
          </button>
          <button
            class=""
            type="button"
          >
            Agenda
          </button>
        </span>
      </div>
      <div
        aria-label="Month View"
        class="rbc-month-view"
        role="table"
      >
        <div
          class="rbc-row rbc-month-header"
          role="row"
        >
          <div
            class="rbc-header"
          >
            <span
              aria-sort="none"
              role="columnheader"
            >
              Sun
            </span>
          </div>
          <div
            class="rbc-header"
          >
            <span
              aria-sort="none"
              role="columnheader"
            >
              Mon
            </span>
          </div>
          <div
            class="rbc-header"
          >
            <span
              aria-sort="none"
              role="columnheader"
            >
              Tue
            </span>
          </div>
          <div
            class="rbc-header"
          >
            <span
              aria-sort="none"
              role="columnheader"
            >
              Wed
            </span>
          </div>
          <div
            class="rbc-header"
          >
            <span
              aria-sort="none"
              role="columnheader"
            >
              Thu
            </span>
          </div>
          <div
            class="rbc-header"
          >
            <span
              aria-sort="none"
              role="columnheader"
            >
              Fri
            </span>
          </div>
          <div
            class="rbc-header"
          >
            <span
              aria-sort="none"
              role="columnheader"
            >
              Sat
            </span>
          </div>
        </div>
        <div
          class="rbc-month-row"
          role="rowgroup"
        >
          <div
            class="rbc-row-bg"
          >
            <div
              class="rbc-day-bg rbc-off-range-bg"
            />
            <div
              class="rbc-day-bg rbc-off-range-bg"
            />
            <div
              class="rbc-day-bg"
            />
            <div
              class="rbc-day-bg"
            />
            <div
              class="rbc-day-bg"
            />
            <div
              class="rbc-day-bg"
            />
            <div
              class="rbc-day-bg"
            />
          </div>
          <div
            class="rbc-row-content"
            role="row"
          >
            <div
              class="rbc-row "
            >
              <div
                class="rbc-date-cell rbc-off-range"
                role="cell"
              >
                <a
                  href="#"
                  role="cell"
                >
                  30
                </a>
              </div>
              <div
                class="rbc-date-cell rbc-off-range"
                role="cell"
              >
                <a
                  href="#"
                  role="cell"
                >
                  31
                </a>
              </div>
              <div
                class="rbc-date-cell"
                role="cell"
              >
                <a
                  href="#"
                  role="cell"
                >
                  01
                </a>
              </div>
              <div
                class="rbc-date-cell"
                role="cell"
              >
                <a
                  href="#"
                  role="cell"
                >
                  02
                </a>
              </div>
              <div
                class="rbc-date-cell"
                role="cell"
              >
                <a
                  href="#"
                  role="cell"
                >
                  03
                </a>
              </div>
              <div
                class="rbc-date-cell"
                role="cell"
              >
                <a
                  href="#"
                  role="cell"
                >
                  04
                </a>
              </div>
              <div
                class="rbc-date-cell"
                role="cell"
              >
                <a
                  href="#"
                  role="cell"
                >
                  05
                </a>
              </div>
            </div>
            <div
              class="rbc-row"
            >
              <div
                class="rbc-row-segment"
                style="flex-basis: 28.57142857142857%; max-width: 28.57142857142857%;"
              >
                 
              </div>
              <div
                class="rbc-row-segment"
                style="flex-basis: 14.285714285714285%; max-width: 14.285714285714285%;"
              >
                <div
                  class="rbc-event rbc-event-allday"
                  style="background: rgb(41, 118, 210); border-radius: 5px; opacity: 0.8; color: white; border: 0px; display: block;"
                  tabindex="0"
                >
                  <div
                    class="rbc-event-content"
                    title="WORKING"
                  >
                    WORKING
                  </div>
                </div>
              </div>
              <div
                class="rbc-row-segment"
                style="flex-basis: 57.14285714285714%; max-width: 57.14285714285714%;"
              >
                <div
                  class="rbc-event rbc-event-allday rbc-event-continues-after"
                  style="background: rgb(11, 145, 2); border-radius: 5px; opacity: 0.8; color: white; border: 0px; display: block;"
                  tabindex="0"
                >
                  <div
                    class="rbc-event-content"
                    title="LEAVE"
                  >
                    LEAVE
                  </div>
                </div>
              </div>
            </div>
            <div
              class="rbc-row"
            >
              <div
                class="rbc-row-segment"
                style="flex-basis: 42.857142857142854%; max-width: 42.857142857142854%;"
              >
                 
              </div>
              <div
                class="rbc-row-segment"
                style="flex-basis: 14.285714285714285%; max-width: 14.285714285714285%;"
              >
                <div
                  class="rbc-event rbc-event-allday"
                  style="background: rgb(41, 118, 210); border-radius: 5px; opacity: 0.8; color: white; border: 0px; display: block;"
                  tabindex="0"
                >
                  <div
                    class="rbc-event-content"
                    title="WORKING"
                  >
                    WORKING
                  </div>
                </div>
              </div>
              <div
                class="rbc-row-segment"
                style="flex-basis: 14.285714285714285%; max-width: 14.285714285714285%;"
              >
                <div
                  class="rbc-event rbc-event-allday"
                  style="background: rgb(41, 118, 210); border-radius: 5px; opacity: 0.8; color: white; border: 0px; display: block;"
                  tabindex="0"
                >
                  <div
                    class="rbc-event-content"
                    title="WORKING"
                  >
                    WORKING
                  </div>
                </div>
              </div>
            </div>
          </div>
        </div>
        <div
          class="rbc-month-row"
          role="rowgroup"
        >
          <div
            class="rbc-row-bg"
          >
            <div
              class="rbc-day-bg"
            />
            <div
              class="rbc-day-bg"
            />
            <div
              class="rbc-day-bg"
            />
            <div
              class="rbc-day-bg"
            />
            <div
              class="rbc-day-bg rbc-today"
            />
            <div
              class="rbc-day-bg"
            />
            <div
              class="rbc-day-bg"
            />
          </div>
          <div
            class="rbc-row-content"
            role="row"
          >
            <div
              class="rbc-row "
            >
              <div
                class="rbc-date-cell"
                role="cell"
              >
                <a
                  href="#"
                  role="cell"
                >
                  06
                </a>
              </div>
              <div
                class="rbc-date-cell"
                role="cell"
              >
                <a
                  href="#"
                  role="cell"
                >
                  07
                </a>
              </div>
              <div
                class="rbc-date-cell"
                role="cell"
              >
                <a
                  href="#"
                  role="cell"
                >
                  08
                </a>
              </div>
              <div
                class="rbc-date-cell"
                role="cell"
              >
                <a
                  href="#"
                  role="cell"
                >
                  09
                </a>
              </div>
              <div
                class="rbc-date-cell rbc-now rbc-current"
                role="cell"
              >
                <a
                  href="#"
                  role="cell"
                >
                  10
                </a>
              </div>
              <div
                class="rbc-date-cell"
                role="cell"
              >
                <a
                  href="#"
                  role="cell"
                >
                  11
                </a>
              </div>
              <div
                class="rbc-date-cell"
                role="cell"
              >
                <a
                  href="#"
                  role="cell"
                >
                  12
                </a>
              </div>
            </div>
            <div
              class="rbc-row"
            >
              <div
                class="rbc-row-segment"
                style="flex-basis: 14.285714285714285%; max-width: 14.285714285714285%;"
              >
                <div
                  class="rbc-event rbc-event-allday rbc-event-continues-prior"
                  style="background: rgb(11, 145, 2); border-radius: 5px; opacity: 0.8; color: white; border: 0px; display: block;"
                  tabindex="0"
                >
                  <div
                    class="rbc-event-content"
                    title="LEAVE"
                  >
                    LEAVE
                  </div>
                </div>
              </div>
              <div
                class="rbc-row-segment"
                style="flex-basis: 28.57142857142857%; max-width: 28.57142857142857%;"
              >
                 
              </div>
              <div
                class="rbc-row-segment"
                style="flex-basis: 14.285714285714285%; max-width: 14.285714285714285%;"
              >
                <div
                  class="rbc-event rbc-event-allday"
                  style="background: rgb(41, 118, 210); border-radius: 5px; opacity: 0.8; color: white; border: 0px; display: block;"
                  tabindex="0"
                >
                  <div
                    class="rbc-event-content"
                    title="WORKING"
                  >
                    WORKING
                  </div>
                </div>
              </div>
              <div
                class="rbc-row-segment"
                style="flex-basis: 28.57142857142857%; max-width: 28.57142857142857%;"
              >
                <div
                  class="rbc-event rbc-event-allday"
                  style="background: rgb(11, 145, 2); border-radius: 5px; opacity: 0.8; color: white; border: 0px; display: block;"
                  tabindex="0"
                >
                  <div
                    class="rbc-event-content"
                    title="LEAVE"
                  >
                    LEAVE
                  </div>
                </div>
              </div>
            </div>
          </div>
        </div>
        <div
          class="rbc-month-row"
          role="rowgroup"
        >
          <div
            class="rbc-row-bg"
          >
            <div
              class="rbc-day-bg"
            />
            <div
              class="rbc-day-bg"
            />
            <div
              class="rbc-day-bg"
            />
            <div
              class="rbc-day-bg"
            />
            <div
              class="rbc-day-bg"
            />
            <div
              class="rbc-day-bg"
            />
            <div
              class="rbc-day-bg"
            />
          </div>
          <div
            class="rbc-row-content"
            role="row"
          >
            <div
              class="rbc-row "
            >
              <div
                class="rbc-date-cell"
                role="cell"
              >
                <a
                  href="#"
                  role="cell"
                >
                  13
                </a>
              </div>
              <div
                class="rbc-date-cell"
                role="cell"
              >
                <a
                  href="#"
                  role="cell"
                >
                  14
                </a>
              </div>
              <div
                class="rbc-date-cell"
                role="cell"
              >
                <a
                  href="#"
                  role="cell"
                >
                  15
                </a>
              </div>
              <div
                class="rbc-date-cell"
                role="cell"
              >
                <a
                  href="#"
                  role="cell"
                >
                  16
                </a>
              </div>
              <div
                class="rbc-date-cell"
                role="cell"
              >
                <a
                  href="#"
                  role="cell"
                >
                  17
                </a>
              </div>
              <div
                class="rbc-date-cell"
                role="cell"
              >
                <a
                  href="#"
                  role="cell"
                >
                  18
                </a>
              </div>
              <div
                class="rbc-date-cell"
                role="cell"
              >
                <a
                  href="#"
                  role="cell"
                >
                  19
                </a>
              </div>
            </div>
          </div>
        </div>
        <div
          class="rbc-month-row"
          role="rowgroup"
        >
          <div
            class="rbc-row-bg"
          >
            <div
              class="rbc-day-bg"
            />
            <div
              class="rbc-day-bg"
            />
            <div
              class="rbc-day-bg"
            />
            <div
              class="rbc-day-bg"
            />
            <div
              class="rbc-day-bg"
            />
            <div
              class="rbc-day-bg"
            />
            <div
              class="rbc-day-bg"
            />
          </div>
          <div
            class="rbc-row-content"
            role="row"
          >
            <div
              class="rbc-row "
            >
              <div
                class="rbc-date-cell"
                role="cell"
              >
                <a
                  href="#"
                  role="cell"
                >
                  20
                </a>
              </div>
              <div
                class="rbc-date-cell"
                role="cell"
              >
                <a
                  href="#"
                  role="cell"
                >
                  21
                </a>
              </div>
              <div
                class="rbc-date-cell"
                role="cell"
              >
                <a
                  href="#"
                  role="cell"
                >
                  22
                </a>
              </div>
              <div
                class="rbc-date-cell"
                role="cell"
              >
                <a
                  href="#"
                  role="cell"
                >
                  23
                </a>
              </div>
              <div
                class="rbc-date-cell"
                role="cell"
              >
                <a
                  href="#"
                  role="cell"
                >
                  24
                </a>
              </div>
              <div
                class="rbc-date-cell"
                role="cell"
              >
                <a
                  href="#"
                  role="cell"
                >
                  25
                </a>
              </div>
              <div
                class="rbc-date-cell"
                role="cell"
              >
                <a
                  href="#"
                  role="cell"
                >
                  26
                </a>
              </div>
            </div>
            <div
              class="rbc-row"
            >
              <div
                class="rbc-row-segment"
                style="flex-basis: 28.57142857142857%; max-width: 28.57142857142857%;"
              >
                 
              </div>
              <div
                class="rbc-row-segment"
                style="flex-basis: 14.285714285714285%; max-width: 14.285714285714285%;"
              >
                <div
                  class="rbc-event rbc-event-allday"
                  style="background: rgb(11, 145, 2); border-radius: 5px; opacity: 0.8; color: white; border: 0px; display: block;"
                  tabindex="0"
                >
                  <div
                    class="rbc-event-content"
                    title="LEAVE"
                  >
                    LEAVE
                  </div>
                </div>
              </div>
            </div>
          </div>
        </div>
        <div
          class="rbc-month-row"
          role="rowgroup"
        >
          <div
            class="rbc-row-bg"
          >
            <div
              class="rbc-day-bg"
            />
            <div
              class="rbc-day-bg"
            />
            <div
              class="rbc-day-bg rbc-off-range-bg"
            />
            <div
              class="rbc-day-bg rbc-off-range-bg"
            />
            <div
              class="rbc-day-bg rbc-off-range-bg"
            />
            <div
              class="rbc-day-bg rbc-off-range-bg"
            />
            <div
              class="rbc-day-bg rbc-off-range-bg"
            />
          </div>
          <div
            class="rbc-row-content"
            role="row"
          >
            <div
              class="rbc-row "
            >
              <div
                class="rbc-date-cell"
                role="cell"
              >
                <a
                  href="#"
                  role="cell"
                >
                  27
                </a>
              </div>
              <div
                class="rbc-date-cell"
                role="cell"
              >
                <a
                  href="#"
                  role="cell"
                >
                  28
                </a>
              </div>
              <div
                class="rbc-date-cell rbc-off-range"
                role="cell"
              >
                <a
                  href="#"
                  role="cell"
                >
                  01
                </a>
              </div>
              <div
                class="rbc-date-cell rbc-off-range"
                role="cell"
              >
                <a
                  href="#"
                  role="cell"
                >
                  02
                </a>
              </div>
              <div
                class="rbc-date-cell rbc-off-range"
                role="cell"
              >
                <a
                  href="#"
                  role="cell"
                >
                  03
                </a>
              </div>
              <div
                class="rbc-date-cell rbc-off-range"
                role="cell"
              >
                <a
                  href="#"
                  role="cell"
                >
                  04
                </a>
              </div>
              <div
                class="rbc-date-cell rbc-off-range"
                role="cell"
              >
                <a
                  href="#"
                  role="cell"
                >
                  05
                </a>
              </div>
            </div>
          </div>
        </div>
      </div>
    </div>
  </div>
</div>
`;
