// Jest Snapshot v1, https://goo.gl/fbAQLP

exports[`AppBar component should render and match snapshot 1`] = `
<div>
  <header
    class="MuiPaper-root MuiPaper-elevation MuiPaper-elevation4 MuiAppBar-root MuiAppBar-colorPrimary MuiAppBar-positionStatic css-hip9hq-MuiPaper-root-MuiAppBar-root"
  >
    <div
      class="MuiContainer-root MuiContainer-maxWidthXl css-19r6kue-MuiContainer-root"
    >
      <div
        class="MuiToolbar-root MuiToolbar-regular css-1cndkqf-MuiToolbar-root"
      >
        <div
          class="MuiTypography-root MuiTypography-h6 MuiTypography-noWrap css-1083xa6-MuiTypography-root"
        >
          <a
            aria-current="page"
            class="active"
            data-testid="logo-icon"
            href="/dashboard"
            style="display: block; margin: 0px; color: white; text-decoration: underline; font-weight: 600;"
          >
            <svg
              fill="white"
              height="75px"
              width="75px"
            >
              logo1.svg
            </svg>
          </a>
        </div>
        <div
          class="MuiBox-root css-1lvtzne"
        >
          <button
            aria-controls="menu-appbar"
            aria-haspopup="true"
            aria-label="account of current user"
            class="MuiButtonBase-root MuiIconButton-root MuiIconButton-colorInherit MuiIconButton-sizeLarge css-1pz7awu-MuiButtonBase-root-MuiIconButton-root"
            tabindex="0"
            type="button"
          >
            <svg
              aria-hidden="true"
              class="MuiSvgIcon-root MuiSvgIcon-fontSizeMedium css-i4bv87-MuiSvgIcon-root"
              data-testid="MenuIcon"
              focusable="false"
              viewBox="0 0 24 24"
            >
              <path
                d="M3 18h18v-2H3v2zm0-5h18v-2H3v2zm0-7v2h18V6H3z"
              />
            </svg>
            <span
              class="MuiTouchRipple-root css-8je8zh-MuiTouchRipple-root"
            />
          </button>
        </div>
        <div
          class="MuiTypography-root MuiTypography-h6 MuiTypography-noWrap css-h7cdpm-MuiTypography-root"
        >
          LOGO
        </div>
        <div
          class="MuiBox-root css-1t6c9ts"
        >
          <button
            class="MuiButton-root MuiButton-text MuiButton-textPrimary MuiButton-sizeMedium MuiButton-textSizeMedium MuiButtonBase-root  css-1q39md6-MuiButtonBase-root-MuiButton-root"
            tabindex="0"
            type="button"
          >
            <a
              aria-current="page"
              class="active"
              href="/dashboard"
              style="display: block; margin: 0px; color: white; text-decoration: underline; font-weight: 600;"
            >
              Dashboard
            </a>
            <span
              class="MuiTouchRipple-root css-8je8zh-MuiTouchRipple-root"
            />
          </button>
          <button
            class="MuiButton-root MuiButton-text MuiButton-textPrimary MuiButton-sizeMedium MuiButton-textSizeMedium MuiButtonBase-root  css-1q39md6-MuiButtonBase-root-MuiButton-root"
            tabindex="0"
            type="button"
          >
            <a
              class=""
              href="/attendance"
              style="display: block; margin: 0px; color: white; text-decoration: none; font-weight: 400;"
            >
              Attendance
            </a>
            <span
              class="MuiTouchRipple-root css-8je8zh-MuiTouchRipple-root"
            />
          </button>
          <button
            class="MuiButton-root MuiButton-text MuiButton-textPrimary MuiButton-sizeMedium MuiButton-textSizeMedium MuiButtonBase-root  css-1q39md6-MuiButtonBase-root-MuiButton-root"
            tabindex="0"
            type="button"
          >
            <a
              class=""
              href="/leaves"
              style="display: block; margin: 0px; color: white; text-decoration: none; font-weight: 400;"
            >
              Leaves
            </a>
            <span
              class="MuiTouchRipple-root css-8je8zh-MuiTouchRipple-root"
            />
          </button>
        </div>
        <div
          class="MuiBox-root css-2uchni"
        >
          <button
            aria-label="Open settings"
            class="MuiButtonBase-root MuiIconButton-root MuiIconButton-sizeMedium css-av538e-MuiButtonBase-root-MuiIconButton-root"
            data-mui-internal-clone-element="true"
            tabindex="0"
            type="button"
          >
            <div
              class="MuiAvatar-root MuiAvatar-circular MuiAvatar-colorDefault css-2s90m6-MuiAvatar-root"
            >
              <svg
                aria-hidden="true"
                class="MuiSvgIcon-root MuiSvgIcon-fontSizeMedium MuiAvatar-fallback css-10mi8st-MuiSvgIcon-root-MuiAvatar-fallback"
                data-testid="PersonIcon"
                focusable="false"
                viewBox="0 0 24 24"
              >
                <path
                  d="M12 12c2.21 0 4-1.79 4-4s-1.79-4-4-4-4 1.79-4 4 1.79 4 4 4zm0 2c-2.67 0-8 1.34-8 4v2h16v-2c0-2.66-5.33-4-8-4z"
                />
              </svg>
            </div>
            <span
              class="MuiTouchRipple-root css-8je8zh-MuiTouchRipple-root"
            />
          </button>
        </div>
      </div>
    </div>
  </header>
</div>
`;
