// Jest Snapshot v1, https://goo.gl/fbAQLP

exports[`Apply Leave component should render and match snapshot 1`] = `
<div
  aria-hidden="true"
/>
`;
