// Jest Snapshot v1, https://goo.gl/fbAQLP

exports[`User Info component should render and match snapshot 1`] = `
<div>
  <div
    class="MuiPaper-root MuiPaper-elevation MuiPaper-rounded MuiPaper-elevation1 MuiCard-root css-bhp9pd-MuiPaper-root-MuiCard-root"
    style="padding: 15px;"
  >
    <div
      class="MuiGrid-root MuiGrid-container css-11lq3yg-MuiGrid-root"
    >
      <div
        class="MuiAvatar-root MuiAvatar-circular MuiAvatar-colorDefault css-1cljjma-MuiAvatar-root"
        style="left: 100px;"
      >
        <svg
          aria-hidden="true"
          class="MuiSvgIcon-root MuiSvgIcon-fontSizeMedium MuiAvatar-fallback css-10mi8st-MuiSvgIcon-root-MuiAvatar-fallback"
          data-testid="PersonIcon"
          focusable="false"
          viewBox="0 0 24 24"
        >
          <path
            d="M12 12c2.21 0 4-1.79 4-4s-1.79-4-4-4-4 1.79-4 4 1.79 4 4 4zm0 2c-2.67 0-8 1.34-8 4v2h16v-2c0-2.66-5.33-4-8-4z"
          />
        </svg>
      </div>
      <div
        class="MuiGrid-root MuiGrid-item MuiGrid-grid-xs-12 css-1idn90j-MuiGrid-root"
      >
        <h5
          class="MuiTypography-root MuiTypography-h5 css-ag7rrr-MuiTypography-root"
        >
          ABC
        </h5>
        <div>
          <span
            class="MuiTypography-root MuiTypography-subtitle1 css-10wpov9-MuiTypography-root"
          >
            Software Engineer
          </span>
        </div>
        <div>
          <span
            class="MuiTypography-root MuiTypography-subtitle1 css-e0r9sn-MuiTypography-root"
          >
            Email:
          </span>
          <span
            class="MuiTypography-root MuiTypography-subtitle1 css-10wpov9-MuiTypography-root"
          >
            noemail@email.com
          </span>
        </div>
        <div>
          <span
            class="MuiTypography-root MuiTypography-subtitle1 css-e0r9sn-MuiTypography-root"
          >
            Manager:
          </span>
          <span
            class="MuiTypography-root MuiTypography-subtitle1 css-10wpov9-MuiTypography-root"
          >
            XYZ
          </span>
        </div>
        <div>
          <span
            class="MuiTypography-root MuiTypography-subtitle1 css-e0r9sn-MuiTypography-root"
          >
            Employee ID:
          </span>
          <span
            class="MuiTypography-root MuiTypography-subtitle1 css-10wpov9-MuiTypography-root"
          >
            1
          </span>
        </div>
      </div>
    </div>
  </div>
</div>
`;
